#-----------------------------------------------------------
# Vivado v2024.2 (64-bit)
# SW Build 5239630 on Fri Nov 08 22:35:27 MST 2024
# IP Build 5239520 on Sun Nov 10 16:12:51 MST 2024
# SharedData Build 5239561 on Fri Nov 08 14:39:27 MST 2024
# Start of session at: Sun Apr  5 22:23:13 2026
# Process ID         : 20220
# Current directory  : C:/Users/Noah.Chavez/ECE_485/ece485_final_cadet_stage2/ece485_final_cadet_stage2.sim/sim_1/behav/xsim
# Command line       : vivado.exe -gui_launcher_event rodinguilauncherevent5996 C:\Users\Noah.Chavez\ECE_485\ece485_final_cadet_stage2\ece485_final_cadet_stage2.sim\sim_1\behav\xsim\tb_riscv_pipeline_behav.wdb
# Log file           : C:/Users/Noah.Chavez/ECE_485/ece485_final_cadet_stage2/ece485_final_cadet_stage2.sim/sim_1/behav/xsim/vivado.log
# Journal file       : C:/Users/Noah.Chavez/ECE_485/ece485_final_cadet_stage2/ece485_final_cadet_stage2.sim/sim_1/behav/xsim\vivado.jou
# Running On         : C26-5CG2151MS9
# Platform           : Windows Server 2016 or Windows 10
# Operating System   : 22631
# Processor Detail   : 11th Gen Intel(R) Core(TM) i7-1165G7 @ 2.80GHz
# CPU Frequency      : 2804 MHz
# CPU Physical cores : 4
# CPU Logical cores  : 8
# Host memory        : 16374 MB
# Swap memory        : 14495 MB
# Total Virtual      : 30870 MB
# Available Virtual  : 5835 MB
#-----------------------------------------------------------
start_gui
open_wave_database {C:\Users\Noah.Chavez\ECE_485\ece485_final_cadet_stage2\ece485_final_cadet_stage2.sim\sim_1\behav\xsim\tb_riscv_pipeline_behav.wdb}
close_sim
